// Jest Snapshot v1, https://goo.gl/fbAQLP

exports[`<App /> renders <App /> component 1`] = `
ShallowWrapper {
  Symbol(enzyme.__root__): [Circular],
  Symbol(enzyme.__unrendered__): <App />,
  Symbol(enzyme.__renderer__): Object {
    "batchedUpdates": [Function],
    "getNode": [Function],
    "render": [Function],
    "simulateError": [Function],
    "simulateEvent": [Function],
    "unmount": [Function],
  },
  Symbol(enzyme.__node__): Object {
    "instance": null,
    "key": undefined,
    "nodeType": "host",
    "props": Object {
      "children": Array [
        <div
          className="container-controls"
        >
          <input
            onChange={[Function]}
            type="text"
            value=""
          />
          <button
            name="goButton"
            onClick={[Function]}
          >
            Go
          </button>
          <button
            name="tempButton"
            onClick={[Function]}
          >
            °
            C
          </button>
        </div>,
        undefined,
        false,
        "",
      ],
      "className": "container",
    },
    "ref": null,
    "rendered": Array [
      Object {
        "instance": null,
        "key": undefined,
        "nodeType": "host",
        "props": Object {
          "children": Array [
            <input
              onChange={[Function]}
              type="text"
              value=""
            />,
            <button
              name="goButton"
              onClick={[Function]}
            >
              Go
            </button>,
            <button
              name="tempButton"
              onClick={[Function]}
            >
              °
              C
            </button>,
          ],
          "className": "container-controls",
        },
        "ref": null,
        "rendered": Array [
          Object {
            "instance": null,
            "key": undefined,
            "nodeType": "host",
            "props": Object {
              "onChange": [Function],
              "type": "text",
              "value": "",
            },
            "ref": null,
            "rendered": null,
            "type": "input",
          },
          Object {
            "instance": null,
            "key": undefined,
            "nodeType": "host",
            "props": Object {
              "children": "Go",
              "name": "goButton",
              "onClick": [Function],
            },
            "ref": null,
            "rendered": "Go",
            "type": "button",
          },
          Object {
            "instance": null,
            "key": undefined,
            "nodeType": "host",
            "props": Object {
              "children": Array [
                "°",
                "C",
              ],
              "name": "tempButton",
              "onClick": [Function],
            },
            "ref": null,
            "rendered": Array [
              "°",
              "C",
            ],
            "type": "button",
          },
        ],
        "type": "div",
      },
      undefined,
      false,
      "",
    ],
    "type": "div",
  },
  Symbol(enzyme.__nodes__): Array [
    Object {
      "instance": null,
      "key": undefined,
      "nodeType": "host",
      "props": Object {
        "children": Array [
          <div
            className="container-controls"
          >
            <input
              onChange={[Function]}
              type="text"
              value=""
            />
            <button
              name="goButton"
              onClick={[Function]}
            >
              Go
            </button>
            <button
              name="tempButton"
              onClick={[Function]}
            >
              °
              C
            </button>
          </div>,
          undefined,
          false,
          "",
        ],
        "className": "container",
      },
      "ref": null,
      "rendered": Array [
        Object {
          "instance": null,
          "key": undefined,
          "nodeType": "host",
          "props": Object {
            "children": Array [
              <input
                onChange={[Function]}
                type="text"
                value=""
              />,
              <button
                name="goButton"
                onClick={[Function]}
              >
                Go
              </button>,
              <button
                name="tempButton"
                onClick={[Function]}
              >
                °
                C
              </button>,
            ],
            "className": "container-controls",
          },
          "ref": null,
          "rendered": Array [
            Object {
              "instance": null,
              "key": undefined,
              "nodeType": "host",
              "props": Object {
                "onChange": [Function],
                "type": "text",
                "value": "",
              },
              "ref": null,
              "rendered": null,
              "type": "input",
            },
            Object {
              "instance": null,
              "key": undefined,
              "nodeType": "host",
              "props": Object {
                "children": "Go",
                "name": "goButton",
                "onClick": [Function],
              },
              "ref": null,
              "rendered": "Go",
              "type": "button",
            },
            Object {
              "instance": null,
              "key": undefined,
              "nodeType": "host",
              "props": Object {
                "children": Array [
                  "°",
                  "C",
                ],
                "name": "tempButton",
                "onClick": [Function],
              },
              "ref": null,
              "rendered": Array [
                "°",
                "C",
              ],
              "type": "button",
            },
          ],
          "type": "div",
        },
        undefined,
        false,
        "",
      ],
      "type": "div",
    },
  ],
  Symbol(enzyme.__options__): Object {
    "adapter": ReactSixteenAdapter {
      "options": Object {
        "enableComponentDidUpdateOnSetState": true,
        "lifecycles": Object {
          "componentDidUpdate": Object {
            "onSetState": true,
          },
          "getDerivedStateFromProps": true,
          "getSnapshotBeforeUpdate": true,
          "setState": Object {
            "skipsComponentDidUpdateOnNullish": true,
          },
        },
      },
    },
  },
}
`;
